// Jest Snapshot v1, https://goo.gl/fbAQLP

exports[`zip files:  should parse: zip 1`] = `
Object {
  "sections": Array [
    Object {
      "body": Object {
        "body": Array [],
        "header": Object {
          "compressed_size": 0,
          "compression_method": "none",
          "crc32": 0,
          "extra_len": 0,
          "extras": Array [],
          "file_mod_date": 18782,
          "file_mod_time": 23810,
          "file_name": "folder/",
          "file_name_len": 7,
          "flags": 2,
          "uncompressed_size": 0,
          "version": 20,
        },
      },
      "section_type": "localFile",
    },
    Object {
      "body": Object {
        "body": Array [
          75,
          203,
          204,
          73,
          85,
          72,
          206,
          207,
          43,
          73,
          205,
          43,
          1,
          0,
        ],
        "header": Object {
          "compressed_size": 14,
          "compression_method": "deflated",
          "crc32": 3503491758,
          "extra_len": 0,
          "extras": Array [],
          "file_mod_date": 18782,
          "file_mod_time": 23804,
          "file_name": "folder/fileInFolder.txt",
          "file_name_len": 23,
          "flags": 2,
          "uncompressed_size": 12,
          "version": 20,
        },
      },
      "section_type": "localFile",
    },
    Object {
      "body": Object {
        "body": Array [
          75,
          203,
          204,
          73,
          85,
          72,
          206,
          207,
          43,
          73,
          205,
          43,
          1,
          0,
        ],
        "header": Object {
          "compressed_size": 14,
          "compression_method": "deflated",
          "crc32": 3503491758,
          "extra_len": 0,
          "extras": Array [],
          "file_mod_date": 18782,
          "file_mod_time": 23804,
          "file_name": "file.txt",
          "file_name_len": 8,
          "flags": 2,
          "uncompressed_size": 12,
          "version": 20,
        },
      },
      "section_type": "localFile",
    },
    Object {
      "body": Object {
        "comment": "",
        "comment_len": 0,
        "compressed_size": 0,
        "compression_method": "none",
        "crc32": 0,
        "disk_number_start": 0,
        "ext_file_attr": 16,
        "extra_len": 0,
        "extras": Array [],
        "file_name": "folder/",
        "file_name_len": 7,
        "flags": 2,
        "int_file_attr": 0,
        "last_mod_file_date": 18782,
        "last_mod_file_time": 23810,
        "local_header": Object {
          "body": Object {
            "body": Array [],
            "header": Object {
              "compressed_size": 0,
              "compression_method": "none",
              "crc32": 0,
              "extra_len": 0,
              "extras": Array [],
              "file_mod_date": 18782,
              "file_mod_time": 23810,
              "file_name": "folder/",
              "file_name_len": 7,
              "flags": 2,
              "uncompressed_size": 0,
              "version": 20,
            },
          },
          "section_type": "localFile",
        },
        "local_header_offset": 0,
        "uncompressed_size": 0,
        "version_made_by": 20,
        "version_needed_to_extract": 20,
      },
      "section_type": "centralDirEntry",
    },
    Object {
      "body": Object {
        "comment": "",
        "comment_len": 0,
        "compressed_size": 14,
        "compression_method": "deflated",
        "crc32": 3503491758,
        "disk_number_start": 0,
        "ext_file_attr": 32,
        "extra_len": 0,
        "extras": Array [],
        "file_name": "folder/fileInFolder.txt",
        "file_name_len": 23,
        "flags": 2,
        "int_file_attr": 1,
        "last_mod_file_date": 18782,
        "last_mod_file_time": 23804,
        "local_header": Object {
          "body": Object {
            "body": Array [
              75,
              203,
              204,
              73,
              85,
              72,
              206,
              207,
              43,
              73,
              205,
              43,
              1,
              0,
            ],
            "header": Object {
              "compressed_size": 14,
              "compression_method": "deflated",
              "crc32": 3503491758,
              "extra_len": 0,
              "extras": Array [],
              "file_mod_date": 18782,
              "file_mod_time": 23804,
              "file_name": "folder/fileInFolder.txt",
              "file_name_len": 23,
              "flags": 2,
              "uncompressed_size": 12,
              "version": 20,
            },
          },
          "section_type": "localFile",
        },
        "local_header_offset": 37,
        "uncompressed_size": 12,
        "version_made_by": 20,
        "version_needed_to_extract": 20,
      },
      "section_type": "centralDirEntry",
    },
    Object {
      "body": Object {
        "comment": "",
        "comment_len": 0,
        "compressed_size": 14,
        "compression_method": "deflated",
        "crc32": 3503491758,
        "disk_number_start": 0,
        "ext_file_attr": 32,
        "extra_len": 0,
        "extras": Array [],
        "file_name": "file.txt",
        "file_name_len": 8,
        "flags": 2,
        "int_file_attr": 1,
        "last_mod_file_date": 18782,
        "last_mod_file_time": 23804,
        "local_header": Object {
          "body": Object {
            "body": Array [
              75,
              203,
              204,
              73,
              85,
              72,
              206,
              207,
              43,
              73,
              205,
              43,
              1,
              0,
            ],
            "header": Object {
              "compressed_size": 14,
              "compression_method": "deflated",
              "crc32": 3503491758,
              "extra_len": 0,
              "extras": Array [],
              "file_mod_date": 18782,
              "file_mod_time": 23804,
              "file_name": "file.txt",
              "file_name_len": 8,
              "flags": 2,
              "uncompressed_size": 12,
              "version": 20,
            },
          },
          "section_type": "localFile",
        },
        "local_header_offset": 104,
        "uncompressed_size": 12,
        "version_made_by": 20,
        "version_needed_to_extract": 20,
      },
      "section_type": "centralDirEntry",
    },
    Object {
      "body": Object {
        "central_dir_offset": 156,
        "central_dir_size": 176,
        "comment": "",
        "comment_len": 0,
        "disk_of_central_dir": 0,
        "disk_of_end_of_central_dir": 0,
        "qty_central_dir_entries_on_disk": 3,
        "qty_central_dir_entries_total": 3,
      },
      "section_type": "endOfCentralDir",
    },
  ],
}
`;
